[dotenv@17.3.1] injecting env (5) from .env.local -- tip: ­ƒöÉ prevent building .env in docker: https://dotenvx.com/prebuild
[dotenv@17.3.1] injecting env (4) from .env -- tip: ÔÜÖ´©Å  load multiple .env files with { path: ['.env.local', '.env'] }
Testing mirror for: https://upload.wikimedia.org/wikipedia/commons/thumb/e/e5/ET_Addis_asv2018-01_img33_Bole_area.jpg/800px-ET_Addis_asv2018-01_img33_Bole_area.jpg
node : Failed: Request failed with status code 404
At line:1 char:1
+ node tmp/test_mirror_single.js > 
tmp/test_output.txt 2>&1 ; Get-Conte ...
+ ~~~~~~~~~~~~~~~~~~~~~~~~~~~~~~~~~~~~~~~~~~~~~~~~~
~~~~~~~~
    + CategoryInfo          : NotSpecified: (Faile 
   d: Request...status code 404:String) [], Remot  
  eException
    + FullyQualifiedErrorId : NativeCommandError
 
Response data: <!DOCTYPE html>
<html lang="en">
<meta charset="utf-8">
<title>Wikimedia Error</title>
<style>
* { margin: 0; padding: 0; }
body { background: #fff; font: 15px/1.6 
sans-serif; color: #333; }
.content { margin: 7% auto 0; padding: 2em 1em 
1em; max-width: 640px; display: flex; 
flex-direction: row; flex-wrap: wrap; }
.footer { clear: both; margin-top: 14%; 
border-top: 1px solid #e5e5e5; background: 
#f9f9f9; padding: 2em 0; font-size: 0.8em; 
text-align: center; }
img { margin: 0 2em 2em 0; }
a img { border: 0; }
h1 { margin-top: 1em; font-size: 1.2em; }
.content-text { flex: 1; }
p { margin: 0.7em 0 1em 0; }
a { color: #0645ad; text-decoration: none; }
a:hover { text-decoration: underline; }
code { font-family: sans-serif; }
summary { font-weight: bold; cursor: pointer; }
details[open] { background: #970302; color: 
#dfdedd; }
.text-muted { color: #777; }
@media (prefers-color-scheme: dark) {
  a { color: #9e9eff; }
  body { background: transparent; color: #ddd; }
  .footer { border-top: 1px solid #444; 
background: #060606; }
  #logo { filter: invert(1) hue-rotate(180deg); }
  .text-muted { color: #888; }
}
</style>
<meta name="color-scheme" content="light dark">
<div class="content" role="main">
<a href="https://www.wikimedia.org"><img id="logo" 
src="https://www.wikimedia.org/static/images/wmf-lo
go.png" srcset="https://www.wikimedia.org/static/im
ages/wmf-logo-2x.png 2x" alt="Wikimedia" 
width="135" height="101">
</a>
<div class="content-text">
<h1>Error</h1>

<p>Not Found</p>
</div>
</div>
<div class="footer"><p>If you report this error to 
the Wikimedia System Administrators, please 
include the details below.</p><p 
class="text-muted"><code>Request served via cp6006 
cp6006, Varnish XID 891027745<br>Upstream caches: 
cp6006 int<br>Error: 404, Not Found at Sat, 07 Mar 
2026 13:04:38 GMT<br><details><summary>Sensitive 
client information</summary>IP address: 
93.88.156.12</details></code></p>
</div>
</html>

Response headers: Object [AxiosHeaders] {
  date: 'Sat, 07 Mar 2026 13:04:38 GMT',
  server: 'Varnish',
  'x-cache': 'cp6006 int',
  'x-cache-status': 'int-front',
  'server-timing': 'cache;desc="int-front", 
host;desc="cp6006"',
  'strict-transport-security': 'max-age=106384710; 
includeSubDomains; preload',
  'report-to': '{ "group": "wm_nel", "max_age": 
604800, "endpoints": [{ "url": "https://intake-logg
ing.wikimedia.org/v1/events?stream=w3c.reportingapi
.network_error&schema_uri=/w3c/reportingapi/network
_error/1.0.0" }] }',
  nel: '{ "report_to": "wm_nel", "max_age": 
604800, "failure_fraction": 0.05, 
"success_fraction": 0.0}',
  'x-client-ip': '93.88.156.12',
  'access-control-allow-origin': '*',
  'access-control-expose-headers': 'Age, Date, 
Content-Length, Content-Range, X-Content-Duration, 
X-Cache',
  'timing-allow-origin': '*',
  'content-type': 'text/html; charset=utf-8',
  'content-length': '1928',
  'x-request-id': 
'f2b46ca4-c90b-41de-8aed-953154e0343b',
  'x-analytics': ''
}
